// Jest Snapshot v1, https://goo.gl/fbAQLP

exports[`HeaderAddress component test suite Snapshot render, should render HeaderAddress 1`] = `
<div
  className="Business"
  onClick={[Function]}
  onDragOver={[Function]}
  onDrop={[Function]}
>
  <label>
    BlackLabel12yrs
    :
  </label>
  <div
    className="FirstClassChips mdc-chip"
    draggable={true}
    key="0"
    onDragStart={[Function]}
  >
    <div
      className="mdc-chip__text"
    >
      name@email.com
    </div>
    <i
      className="material-icons mdc-chip__icon
               mdc-chip__icon--trailing"
      onClick={[Function]}
    >
      cancel
    </i>
  </div>
  <div
    className="FirstClassChips mdc-chip"
    draggable={true}
    key="1"
    onDragStart={[Function]}
  >
    <div
      className="mdc-chip__text"
    >
      other@e-mail.mail
    </div>
    <i
      className="material-icons mdc-chip__icon
               mdc-chip__icon--trailing"
      onClick={[Function]}
    >
      cancel
    </i>
  </div>
  <input
    id="I'mDown"
    onBlur={[Function]}
    onKeyPress={[Function]}
    type="email"
  />
</div>
`;
