// Jest Snapshot v1, https://goo.gl/fbAQLP

exports[`MessageEditorButtons component test suite Snapshot render, should render MessageEditorButtons 1`] = `
<div
  className="mdc-card message-editor__button-container"
>
  <MceButton
    active={true}
    activeClassName="message-editor__button--active"
    className="message-editor__button"
    icon="format_bold"
    iconClassName="message-editor__button-icon"
    key="bold"
    label=""
    onToggle={[Function]}
  />
  <MceButton
    active={false}
    activeClassName="message-editor__button--active"
    className="message-editor__button"
    icon="format_italic"
    iconClassName="message-editor__button-icon"
    key="italic"
    label=""
    onToggle={[Function]}
  />
  <MceButton
    active={false}
    activeClassName="message-editor__button--active"
    className="message-editor__button"
    icon="format_underline"
    iconClassName="message-editor__button-icon"
    key="underline"
    label=""
    onToggle={[Function]}
  />
  <MceButton
    active={false}
    activeClassName="message-editor__button--active"
    className="message-editor__button"
    icon="format_list_bulleted"
    iconClassName="message-editor__button-icon"
    key="UL"
    label=""
    onToggle={[Function]}
  />
  <MceButton
    active={false}
    activeClassName="message-editor__button--active"
    className="message-editor__button"
    icon="format_list_numbered"
    iconClassName="message-editor__button-icon"
    key="OL"
    label=""
    onToggle={[Function]}
  />
  <MceButton
    active={false}
    activeClassName="message-editor__button--active"
    className="message-editor__button"
    icon="format_indent_decrease"
    iconClassName="message-editor__button-icon"
    key="outdent"
    label=""
    onToggle={[Function]}
  />
  <MceButton
    active={false}
    activeClassName="message-editor__button--active"
    className="message-editor__button"
    icon="format_indent_increase"
    iconClassName="message-editor__button-icon"
    key="indent"
    label=""
    onToggle={[Function]}
  />
  <MceButton
    active={false}
    activeClassName="message-editor__button--active"
    className="message-editor__button"
    icon="format_clear"
    iconClassName="message-editor__button-icon"
    key="clear_format"
    label=""
    onToggle={[Function]}
  />
  <MceButton
    active={false}
    activeClassName="message-editor__button--active"
    className="message-editor__button"
    icon={null}
    iconClassName="message-editor__button-icon"
    key="H1"
    label="H1"
    onToggle={[Function]}
  />
  <MceButton
    active={false}
    activeClassName="message-editor__button--active"
    className="message-editor__button"
    icon={null}
    iconClassName="message-editor__button-icon"
    key="H2"
    label="H2"
    onToggle={[Function]}
  />
  <MceButton
    active={false}
    activeClassName="message-editor__button--active"
    className="message-editor__button"
    icon={null}
    iconClassName="message-editor__button-icon"
    key="H3"
    label="H3"
    onToggle={[Function]}
  />
  <MceButton
    active={false}
    activeClassName="message-editor__button--active"
    className="message-editor__button"
    icon="format_quote"
    iconClassName="message-editor__button-icon"
    key="blockquote"
    label=""
    onToggle={[Function]}
  />
  <MceButton
    active={false}
    activeClassName="message-editor__button--active"
    className="message-editor__button"
    icon="space_bar"
    iconClassName="message-editor__button-icon"
    key="PRE"
    label=""
    onToggle={[Function]}
  />
  <MceButton
    active={false}
    activeClassName="message-editor__button--active"
    className="message-editor__button"
    icon="code"
    iconClassName="message-editor__button-icon"
    key="code"
    label=""
    onToggle={[Function]}
  />
  <MceButton
    active={false}
    activeClassName="message-editor__button--active"
    className="message-editor__button"
    icon="link"
    iconClassName="message-editor__button-icon"
    key="link"
    label=""
    onToggle={[Function]}
  />
  <MceButton
    active={false}
    activeClassName="message-editor__button--active"
    className="message-editor__button"
    icon="link_off"
    iconClassName="message-editor__button-icon"
    key="unlink"
    label=""
    onToggle={[Function]}
  />
</div>
`;
