// Jest Snapshot v1, https://goo.gl/fbAQLP

exports[`MessageViewer component test suite Snapshot render Should render MessageViewer 1`] = `
<div
  className=" message-viewer"
>
  <div
    className="message-viewer__header"
  >
    <div
      className="message-viewer__subject-container"
    >
      <div
        className="message-viewer__gravatar"
      >
        <img
          className="message-viewer__gravatar-image"
          src="https://www.gravatar.com/avatar/b15835f133ff2e27c7cb28117bfae8f4?d=retro"
        />
      </div>
      <h1
        className="message-viewer__subject"
      >
        News from 1337
        <div
          className="message-viewer__folder mdc-chip"
          onClick={[Function]}
        >
          <div
            className="mdc-chip__text"
          >
            Folder 1337
          </div>
        </div>
      </h1>
    </div>
    <div
      className="message-viewer__from-date-container"
    >
      <div
        className="message-viewer__from"
      >
        <span
          className="message-viewer__name"
        >
          "
        </span>
        <span
          className="message-viewer__email"
        />
      </div>
      <div
        className="message-viewer__date"
      >
        06/23/1912, 12:13:37 AM
      </div>
    </div>
    <Translate(HeaderTo)
      className="message-viewer__to"
    />
  </div>
  <div
    className="message-viewer__body"
  >
    <Spinner
      canvasClassName=""
      className=""
      pathClassName=""
      visible={false}
    />
    <div
      className="message-viewer__attachments"
    >
      <Connect(AttachmentCard)
        attachment={
          Object {
            "fileName": "ELIZA.test",
            "size": 1337,
          }
        }
        key="0"
      />
    </div>
    <div
      dangerouslySetInnerHTML={
        Object {
          "__html": "<p>Please tell me what's been bothering you.</p>",
        }
      }
    />
  </div>
</div>
`;
