// Jest Snapshot v1, https://goo.gl/fbAQLP

exports[`Checkbox component test suite Snapshot render, should render checkbox 1`] = `
<div
  className="mdc-checkbox mdc-checkbox--primary
        field-class"
>
  <input
    checked={true}
    className="mdc-checkbox__native-control input-class"
    id="Bourne"
    onChange={[Function]}
    required={true}
    type="checkbox"
  />
  <div
    className="mdc-checkbox__background"
  >
    <svg
      className="mdc-checkbox__checkmark"
      viewBox="0 0 24 24"
    >
      <path
        className="mdc-checkbox__checkmark-path"
        d="M1.73,12.91 8.1,19.28 22.79,4.59"
        fill="none"
      />
    </svg>
    <div
      className="mdc-checkbox__mixedmark"
    />
  </div>
</div>
`;
