// Jest Snapshot v1, https://goo.gl/fbAQLP

exports[`ButtonForward component test suite Snapshot render, not outboxEmpty, should NOT render button 1`] = `""`;

exports[`ButtonForward component test suite Snapshot render, outboxEmpty, should render button 1`] = `
<span
  isotip="topBar.forward"
  isotip-position="bottom"
  isotip-size="small"
>
  <TopBarButton
    className=""
    onClick={[MockFunction]}
  >
    forward
  </TopBarButton>
</span>
`;
