// Jest Snapshot v1, https://goo.gl/fbAQLP

exports[`ButtonCollapse component test suite Snapshot render, collapsed, should render button 1`] = `
<button
  className="material-icons mdc-top-app-bar__navigation-icon"
  onClick={[MockFunction]}
>
  menu
</button>
`;

exports[`ButtonCollapse component test suite Snapshot render, not collapsed, should NOT render button 1`] = `""`;
