// Jest Snapshot v1, https://goo.gl/fbAQLP

exports[`TopBarMessageList component test suite Snapshot render, should render top bar message list 1`] = `
<div
  className="mdc-top-app-bar__row"
>
  <section
    className="mdc-top-app-bar__section mdc-top-app-bar__section--align-start"
  >
    <ButtonCollapse
      collapsed={true}
      sideBarToggle={[MockFunction]}
    />
    <span
      className="mdc-top-app-bar__title"
    >
      sideshow bob
    </span>
  </section>
  <section
    className="mdc-top-app-bar__section mdc-top-app-bar__section--align-end"
  >
    <TopBarButton
      onClick={[MockFunction]}
    >
      delete
    </TopBarButton>
    <TopBarButton
      onClick={[MockFunction]}
    >
      drafts
    </TopBarButton>
  </section>
</div>
`;
