// Jest Snapshot v1, https://goo.gl/fbAQLP

exports[`FolderItem component test suite Snapshot render, should render FolderItem 1`] = `
<a
  className="mdc-list-item listItem
        mdc-list-item--selected
        "
  onDragLeave={[Function]}
  onDragOver={[Function]}
  onDrop={[Function]}
>
  <span
    className="material-icons mdc-list-item__graphic graphic"
  >
    Andy Warhol
  </span>
  <span
    className="mdc-list-item__primary-text primaryText
          hasNewMessages"
  >
    Red Label (13)
  </span>
  <span
    className="actions"
  />
</a>
`;
