// Jest Snapshot v1, https://goo.gl/fbAQLP

exports[`FolderContainer component test suite Snapshot render, should render FolderContainer 1`] = `
<nav
  className="mdc-list"
>
  <Spinner
    canvasClassName="spinnerCanvas"
    className=""
    pathClassName=""
    visible={false}
  />
  <Connect(FolderListClass)
    folderList={
      Array [
        Object {
          "folderList": Array [],
        },
      ]
    }
  />
  <Connect(Translate(FolderRenameDialog)) />
</nav>
`;
