// Jest Snapshot v1, https://goo.gl/fbAQLP

exports[`FolderList component test suite Snapshot render Inbox; folder and folder with children, Should render FolderListClass 1`] = `
Array [
  <div
    className="itemContainer"
  >
    <Translate(FolderItem)
      className="item"
      draggable={false}
      graphic="inbox"
      label="Inbox"
      newMessageCount={1}
      onAddChild={[Function]}
      onClick={[Function]}
      onDelete={null}
      onDragStart={[Function]}
      onDrop={[Function]}
      onRename={null}
      selected={true}
      unreadMessageCount={1}
    />
  </div>,
  <div
    className="itemContainer"
  >
    <Translate(FolderItem)
      className="item"
      draggable={true}
      graphic="folder"
      label="Folder 1"
      newMessageCount={1}
      onAddChild={[Function]}
      onClick={[Function]}
      onDelete={[Function]}
      onDragStart={[Function]}
      onDrop={[Function]}
      onRename={[Function]}
      selected={false}
      unreadMessageCount={1}
    />
  </div>,
  <div
    className="itemContainer"
  >
    <Translate(FolderItem)
      className="item"
      draggable={true}
      graphic="folder"
      label="Folder 2"
      newMessageCount={1}
      onAddChild={[Function]}
      onClick={[Function]}
      onDelete={[Function]}
      onDragStart={[Function]}
      onDrop={[Function]}
      onRename={[Function]}
      selected={false}
      unreadMessageCount={1}
    />
    <nav
      className="mdc-list childList"
    >
      <Connect(FolderListClass)
        folderTree={
          Array [
            Object {
              "children": Array [],
              "folderId": 4,
            },
          ]
        }
        folders={
          Object {
            "1": Object {
              "children": Array [],
              "folderId": 1,
              "name": "Inbox",
              "newMessageCount": 1,
              "type": Object {
                "icon": "inbox",
                "position": 0,
                "serverName": "INBOX",
              },
              "unreadMessageCount": 1,
            },
            "2": Object {
              "children": Array [],
              "folderId": 2,
              "name": "Folder 1",
              "newMessageCount": 1,
              "type": Object {
                "icon": "folder",
              },
              "unreadMessageCount": 1,
            },
            "3": Object {
              "children": Array [
                Object {
                  "children": Array [],
                  "folderId": 4,
                },
              ],
              "folderId": 3,
              "name": "Folder 2",
              "newMessageCount": 1,
              "type": Object {
                "icon": "folder",
              },
              "unreadMessageCount": 1,
            },
            "4": Object {
              "children": Array [],
              "folderId": 4,
              "name": "Folder 1",
              "newMessageCount": 1,
              "type": Object {
                "icon": "folder",
              },
              "unreadMessageCount": 1,
            },
          }
        }
      />
    </nav>
  </div>,
]
`;
