// Jest Snapshot v1, https://goo.gl/fbAQLP

exports[`Routes component test suite Snapshot render 1`] = `
<Router
  basename="/"
  history={
    Object {
      "action": "POP",
      "block": [Function],
      "createHref": [Function],
      "go": [Function],
      "goBack": [Function],
      "goForward": [Function],
      "length": 1,
      "listen": [Function],
      "location": Object {
        "hash": "",
        "pathname": "/",
        "search": "",
        "state": undefined,
      },
      "push": [Function],
      "replace": [Function],
    }
  }
>
  <Switch>
    <Route
      exact={true}
      path="/configuration-not-found"
      render={[Function]}
    />
    <Connect(ApplicationReadyRoute)
      exact={true}
      path="/login"
      render={[Function]}
    />
    <Connect(ApplicationReadyRoute)
      component={[Function]}
      exact={true}
      path="/"
    />
  </Switch>
</Router>
`;
